Pool: 357 unreleased indexable pages.
Named in the volume model: 357; floored to default: 0

=== TOP 80 BY HEAT (cap applied when picking) ===
✔  1. heat= 88 vol≈ 3500000 [published] PSAT-ACT       psat-nmsqt
✔  2. heat= 81 vol≈ 1000000 [published] SERVSAFE       servsafe-food-handler
✔  3. heat= 80 vol≈  800000 [estimate ] PADI           padi-open-water-diver
✔  4. heat= 79 vol≈  700000 [estimate ] solo:asvab     asvab
✔  5. heat= 78 vol≈  570000 [published] AP             ap-english-language-and-composition
✔  6. heat= 77 vol≈  500000 [estimate ] ACCUPLACER     accuplacer-arithmetic
✔  7. heat= 77 vol≈  500000 [estimate ] ACCUPLACER     accuplacer-reading
✔  8. heat= 77 vol≈  500000 [published] PSAT-ACT       psat-10
✔  9. heat= 77 vol≈  470000 [published] AP             ap-united-states-history
✔ 10. heat= 77 vol≈  450000 [estimate ] ACCUPLACER     accuplacer-quantitative-reasoning-algebra-statistics
✔ 11. heat= 76 vol≈  400000 [estimate ] NIMS           nims-ics-700
✔ 12. heat= 76 vol≈  380000 [published] AP             ap-english-literature-and-composition
  13. heat= 76 vol≈  350000 [estimate ] ACCUPLACER     accuplacer-writing
✔ 14. heat= 76 vol≈  350000 [estimate ] solo:duolingo-english-test duolingo-english-test
✔ 15. heat= 75 vol≈  330000 [published] AP             ap-united-states-government-and-politics
✔ 16. heat= 75 vol≈  330000 [published] AP             ap-world-history-modern
  17. heat= 75 vol≈  300000 [estimate ] ACCUPLACER     accuplacer-advanced-algebra-and-functions
  18. heat= 75 vol≈  300000 [estimate ] ACCUPLACER     accuplacer-writeplacer
✔ 19. heat= 75 vol≈  300000 [estimate ] PSAT-ACT       act-workkeys
✔ 20. heat= 75 vol≈  300000 [estimate ] REDCROSS       american-red-cross-lifeguarding
✔ 21. heat= 75 vol≈  300000 [estimate ] solo:casper-test casper-test
✔ 22. heat= 75 vol≈  300000 [estimate ] NIMS           nims-ics-200
  23. heat= 74 vol≈  250000 [published] AP             ap-human-geography
  24. heat= 74 vol≈  250000 [estimate ] PSAT-ACT       preact-8-9
  25. heat= 73 vol≈  200000 [published] AP             ap-precalculus
✔ 26. heat= 73 vol≈  200000 [published] FAA            faa-trust-recreational-uas-safety-test
✔ 27. heat= 73 vol≈  200000 [estimate ] NCCER          nccer-core-curriculum
✔ 28. heat= 73 vol≈  200000 [estimate ] NIMS           nims-ics-800
✔ 29. heat= 73 vol≈  200000 [estimate ] solo:olsat-8   olsat-8
✔ 30. heat= 73 vol≈  200000 [estimate ] SERVSAFE       servsafe-alcohol-primary
  31. heat= 72 vol≈  185000 [published] AP             ap-environmental-science
✔ 32. heat= 72 vol≈  180000 [estimate ] solo:toeic-listening-and-reading toeic-listening-and-reading
  33. heat= 71 vol≈  155000 [published] AP             ap-chemistry
  34. heat= 71 vol≈  150000 [published] AP             ap-macroeconomics
  35. heat= 71 vol≈  150000 [published] AP             ap-physics-1-algebra-based
  36. heat= 71 vol≈  150000 [published] AP             ap-spanish-language-and-culture
✔ 37. heat= 71 vol≈  150000 [estimate ] HAZWOPER       hazwoper-8-hour-refresher
✔ 38. heat= 71 vol≈  150000 [estimate ] solo:law-enforcement-pat law-enforcement-pat
✔ 39. heat= 71 vol≈  150000 [estimate ] solo:learn2serve-alcohol-seller-server learn2serve-alcohol-seller-server
  40. heat= 71 vol≈  145000 [published] AP             ap-computer-science-principles
  41. heat= 70 vol≈  130000 [published] AP             ap-calculus-bc
✔ 42. heat= 70 vol≈  120000 [estimate ] EDTECH         google-certified-educator-level-1
✔ 43. heat= 70 vol≈  120000 [published] solo:law-school-admission-test law-school-admission-test
✔ 44. heat= 70 vol≈  120000 [estimate ] solo:post-entry-level post-entry-level
✔ 45. heat= 70 vol≈  120000 [estimate ] solo:pte-academic pte-academic
  46. heat= 69 vol≈  105000 [published] AP             ap-computer-science-a
✔ 47. heat= 69 vol≈  100000 [estimate ] CDL            cdl-pre-trip-vehicle-inspection-test
✔ 48. heat= 69 vol≈  100000 [estimate ] solo:epa-609-mvac-certification epa-609-mvac-certification
✔ 49. heat= 69 vol≈  100000 [estimate ] GOOGLE         google-analytics-certification
✔ 50. heat= 69 vol≈  100000 [estimate ] HAZWOPER       hazwoper-40-hour
✔ 51. heat= 69 vol≈  100000 [estimate ] MOS            microsoft-office-specialist-excel-associate
✔ 52. heat= 69 vol≈  100000 [estimate ] solo:nasbla-approved-boating-safety-course nasbla-approved-boating-safety-course
  53. heat= 69 vol≈  100000 [estimate ] NIMS           nims-ics-300
✔ 54. heat= 69 vol≈  100000 [estimate ] solo:nyc-dcas-exam nyc-dcas-exam
✔ 55. heat= 69 vol≈  100000 [estimate ] PRAXIS         praxis-plt-grades-7-12-5624
✔ 56. heat= 69 vol≈  100000 [estimate ] SERVSAFE       servsafe-workplace
  57. heat= 69 vol≈   95000 [published] AP             ap-microeconomics
  58. heat= 68 vol≈   90000 [published] AP             ap-european-history
✔ 59. heat= 68 vol≈   90000 [estimate ] solo:statefoodsafety-food-protection-manager statefoodsafety-food-protection-manager
✔ 60. heat= 68 vol≈   80000 [estimate ] GOOGLE         google-data-analytics-professional-certificate
✔ 61. heat= 68 vol≈   80000 [estimate ] GOOGLE         google-it-support-professional-certificate
✔ 62. heat= 68 vol≈   80000 [estimate ] NCCER          nccer-electrician
✔ 63. heat= 67 vol≈   70000 [estimate ] FITNESS-CERT   acsm-certified-personal-trainer
✔ 64. heat= 67 vol≈   70000 [estimate ] COMPTIA        comptia-pentest-plus
✔ 65. heat= 67 vol≈   70000 [estimate ] NCCER          nccer-hvac
✔ 66. heat= 67 vol≈   70000 [estimate ] NCCER          nccer-plumbing
  67. heat= 67 vol≈   70000 [estimate ] NCCER          nccer-welding
  68. heat= 66 vol≈   60000 [published] AP             ap-physics-c-mechanics
✔ 69. heat= 66 vol≈   60000 [estimate ] AWS            aws-certified-ai-practitioner
✔ 70. heat= 66 vol≈   60000 [estimate ] AWS            aws-certified-welder
✔ 71. heat= 66 vol≈   60000 [estimate ] CDL            cdl-passenger-endorsement-knowledge-test
✔ 72. heat= 66 vol≈   60000 [estimate ] CISCO          cisco-ccnp-enterprise
✔ 73. heat= 66 vol≈   60000 [estimate ] COMPTIA        comptia-server-plus
✔ 74. heat= 66 vol≈   60000 [estimate ] FAA            faa-part-107-recurrent-training-alc-677
  75. heat= 66 vol≈   60000 [estimate ] EDTECH         google-certified-educator-level-2
  76. heat= 66 vol≈   60000 [estimate ] GOOGLE         google-cloud-digital-leader
  77. heat= 66 vol≈   60000 [estimate ] GOOGLE         google-cybersecurity-professional-certificate
  78. heat= 66 vol≈   60000 [estimate ] HAZWOPER       hazwoper-24-hour
  79. heat= 66 vol≈   60000 [estimate ] solo:hiset-exam hiset-exam
  80. heat= 66 vol≈   60000 [estimate ] HUBSPOT-INBOUND hubspot-inbound-certification

=== PICKED 55 ===
 1. heat= 88 vol≈ 3500000 admissions-academic    psat-nmsqt
 2. heat= 81 vol≈ 1000000 food-hospitality       servsafe-food-handler
 3. heat= 80 vol≈  800000 fitness-recreation     padi-open-water-diver
 4. heat= 79 vol≈  700000 admissions-academic    asvab
 5. heat= 78 vol≈  570000 admissions-academic    ap-english-language-and-composition
 6. heat= 77 vol≈  500000 admissions-academic    accuplacer-arithmetic
 7. heat= 77 vol≈  500000 admissions-academic    accuplacer-reading
 8. heat= 77 vol≈  500000 admissions-academic    psat-10
 9. heat= 77 vol≈  470000 admissions-academic    ap-united-states-history
10. heat= 77 vol≈  450000 admissions-academic    accuplacer-quantitative-reasoning-algebra-statistics
11. heat= 76 vol≈  400000 public-safety          nims-ics-700
12. heat= 76 vol≈  380000 admissions-academic    ap-english-literature-and-composition
13. heat= 76 vol≈  350000 admissions-academic    duolingo-english-test
14. heat= 75 vol≈  330000 admissions-academic    ap-united-states-government-and-politics
15. heat= 75 vol≈  330000 admissions-academic    ap-world-history-modern
16. heat= 75 vol≈  300000 admissions-academic    act-workkeys
17. heat= 75 vol≈  300000 fitness-recreation     american-red-cross-lifeguarding
18. heat= 75 vol≈  300000 admissions-academic    casper-test
19. heat= 75 vol≈  300000 public-safety          nims-ics-200
20. heat= 73 vol≈  200000 transportation         faa-trust-recreational-uas-safety-test
21. heat= 73 vol≈  200000 trades                 nccer-core-curriculum
22. heat= 73 vol≈  200000 public-safety          nims-ics-800
23. heat= 73 vol≈  200000 admissions-academic    olsat-8
24. heat= 73 vol≈  200000 food-hospitality       servsafe-alcohol-primary
25. heat= 72 vol≈  180000 admissions-academic    toeic-listening-and-reading
26. heat= 71 vol≈  150000 workplace-safety       hazwoper-8-hour-refresher
27. heat= 71 vol≈  150000 public-safety          law-enforcement-pat
28. heat= 71 vol≈  150000 food-hospitality       learn2serve-alcohol-seller-server
29. heat= 70 vol≈  120000 education-teaching     google-certified-educator-level-1
30. heat= 70 vol≈  120000 admissions-academic    law-school-admission-test
31. heat= 70 vol≈  120000 public-safety          post-entry-level
32. heat= 70 vol≈  120000 admissions-academic    pte-academic
33. heat= 69 vol≈  100000 transportation         cdl-pre-trip-vehicle-inspection-test
34. heat= 69 vol≈  100000 trades                 epa-609-mvac-certification
35. heat= 69 vol≈  100000 project-business       google-analytics-certification
36. heat= 69 vol≈  100000 workplace-safety       hazwoper-40-hour
37. heat= 69 vol≈  100000 technology             microsoft-office-specialist-excel-associate
38. heat= 69 vol≈  100000 transportation         nasbla-approved-boating-safety-course
39. heat= 69 vol≈  100000 public-safety          nyc-dcas-exam
40. heat= 69 vol≈  100000 education-teaching     praxis-plt-grades-7-12-5624
41. heat= 69 vol≈  100000 food-hospitality       servsafe-workplace
42. heat= 68 vol≈   90000 food-hospitality       statefoodsafety-food-protection-manager
43. heat= 68 vol≈   80000 technology             google-data-analytics-professional-certificate
44. heat= 68 vol≈   80000 technology             google-it-support-professional-certificate
45. heat= 68 vol≈   80000 trades                 nccer-electrician
46. heat= 67 vol≈   70000 fitness-recreation     acsm-certified-personal-trainer
47. heat= 67 vol≈   70000 technology             comptia-pentest-plus
48. heat= 67 vol≈   70000 trades                 nccer-hvac
49. heat= 67 vol≈   70000 trades                 nccer-plumbing
50. heat= 66 vol≈   60000 technology             aws-certified-ai-practitioner
51. heat= 66 vol≈   60000 trades                 aws-certified-welder
52. heat= 66 vol≈   60000 transportation         cdl-passenger-endorsement-knowledge-test
53. heat= 66 vol≈   60000 technology             cisco-ccnp-enterprise
54. heat= 66 vol≈   60000 technology             comptia-server-plus
55. heat= 66 vol≈   60000 transportation         faa-part-107-recurrent-training-alc-677

Picked by category:
  admissions-academic: 18
  technology: 7
  public-safety: 6
  trades: 6
  food-hospitality: 5
  transportation: 5
  fitness-recreation: 3
  workplace-safety: 2
  education-teaching: 2
  project-business: 1

Wrote _batch55_picks.json
