[2m16:05:49[22m [34m[content][39m Syncing content
[2m16:05:49[22m [34m[content][39m Synced content
[2m16:05:49[22m [34m[types][39m Generated [2m69ms[22m
[2m16:05:49[22m [34m[build][39m output: [34m"static"[39m
[2m16:05:49[22m [34m[build][39m mode: [34m"static"[39m
[2m16:05:49[22m [34m[build][39m directory: [34mC:\Users\samja\Desktop\testpreppilot-v2\dist\[39m
[2m16:05:49[22m [34m[build][39m Collecting build info...
[2m16:05:49[22m [34m[build][39m [32m✓ Completed in 107ms.[39m
[2m16:06:08[22m [34m[build][39m Building static entrypoints...
[2m16:06:12[22m [34m[vite][39m [32m✓ built in 3.74s[39m
[2m16:06:12[22m [34m[build][39m [32m✓ Completed in 3.79s.[39m

[42m[30m building client (vite) [39m[49m
[2m16:06:12[22m [34m[vite][39m transforming...
[2m16:06:12[22m [34m[vite][39m [32m✓[39m 15 modules transformed.
[2m16:06:12[22m [34m[vite][39m rendering chunks...
[2m16:06:12[22m [34m[vite][39m computing gzip size...
[2m16:06:12[22m [34m[vite][39m [2mdist/[22m[36m_astro/page.DTPp-pk-.js                                               [39m[1m[2m 0.05 kB[22m[1m[22m[2m │ gzip: 0.07 kB[22m
[2m16:06:12[22m [34m[vite][39m [2mdist/[22m[36m_astro/index.E2NZU3JX.js                                              [39m[1m[2m 2.29 kB[22m[1m[22m[2m │ gzip: 1.04 kB[22m
[2m16:06:12[22m [34m[vite][39m [2mdist/[22m[36m_astro/ClientRouter.astro_astro_type_script_index_0_lang.DxD8ucBX.js  [39m[1m[2m13.11 kB[22m[1m[22m[2m │ gzip: 4.54 kB[22m
[2m16:06:12[22m [34m[vite][39m [32m✓ built in 71ms[39m

[42m[30m generating static routes [39m[49m
[2m16:06:12[22m [32m▶[39m src/pages/404.astro
[2m16:06:12[22m   [34m└─[39m [2m/404.html[22m [2m(+12ms)[22m 
[2m16:06:12[22m [32m▶[39m src/pages/[state]/[credential].astro
[2m16:06:12[22m   [34m├─[39m [2m/texas/texas-real-estate-license/index.html[22m [2m(+7ms)[22m 
[2m16:06:12[22m   [34m├─[39m [2m/california/california-real-estate-license/index.html[22m [2m(+5ms)[22m 
[2m16:06:12[22m   [34m└─[39m [2m/florida/florida-real-estate-license/index.html[22m [2m(+5ms)[22m 
[2m16:06:12[22m [32m▶[39m src/pages/[state]/index.astro
[2m16:06:12[22m   [34m├─[39m [2m/alabama/index.html[22m [2m(+3ms)[22m 
[2m16:06:12[22m   [34m├─[39m [2m/alaska/index.html[22m [2m(+6ms)[22m 
[2m16:06:12[22m   [34m├─[39m [2m/arizona/index.html[22m [2m(+13ms)[22m 
[2m16:06:12[22m   [34m├─[39m [2m/arkansas/index.html[22m [2m(+7ms)[22m 
[2m16:06:12[22m   [34m├─[39m [2m/california/index.html[22m [2m(+34ms)[22m 
[2m16:06:12[22m   [34m├─[39m [2m/colorado/index.html[22m [2m(+29ms)[22m 
[2m16:06:12[22m   [34m├─[39m [2m/connecticut/index.html[22m [2m(+16ms)[22m 
[2m16:06:12[22m   [34m├─[39m [2m/delaware/index.html[22m [2m(+6ms)[22m 
[2m16:06:12[22m   [34m├─[39m [2m/florida/index.html[22m [2m(+7ms)[22m 
[2m16:06:12[22m   [34m├─[39m [2m/georgia/index.html[22m [2m(+6ms)[22m 
[2m16:06:12[22m   [34m├─[39m [2m/hawaii/index.html[22m [2m(+19ms)[22m 
[2m16:06:12[22m   [34m├─[39m [2m/idaho/index.html[22m [2m(+15ms)[22m 
[2m16:06:12[22m   [34m├─[39m [2m/illinois/index.html[22m [2m(+12ms)[22m 
[2m16:06:12[22m   [34m├─[39m [2m/indiana/index.html[22m [2m(+32ms)[22m 
[2m16:06:12[22m   [34m├─[39m [2m/iowa/index.html[22m [2m(+4ms)[22m 
[2m16:06:12[22m   [34m├─[39m [2m/kansas/index.html[22m [2m(+20ms)[22m 
[2m16:06:12[22m   [34m├─[39m [2m/kentucky/index.html[22m [2m(+16ms)[22m 
[2m16:06:12[22m   [34m├─[39m [2m/louisiana/index.html[22m [2m(+6ms)[22m 
[2m16:06:13[22m   [34m├─[39m [2m/maine/index.html[22m [2m(+7ms)[22m 
[2m16:06:13[22m   [34m├─[39m [2m/maryland/index.html[22m [2m(+10ms)[22m 
[2m16:06:13[22m   [34m├─[39m [2m/massachusetts/index.html[22m [2m(+27ms)[22m 
[2m16:06:13[22m   [34m├─[39m [2m/michigan/index.html[22m [2m(+11ms)[22m 
[2m16:06:13[22m   [34m├─[39m [2m/minnesota/index.html[22m [2m(+9ms)[22m 
[2m16:06:13[22m   [34m├─[39m [2m/mississippi/index.html[22m [2m(+11ms)[22m 
[2m16:06:13[22m   [34m├─[39m [2m/missouri/index.html[22m [2m(+8ms)[22m 
[2m16:06:13[22m   [34m├─[39m [2m/montana/index.html[22m [2m(+6ms)[22m 
[2m16:06:13[22m   [34m├─[39m [2m/nebraska/index.html[22m [2m(+12ms)[22m 
[2m16:06:13[22m   [34m├─[39m [2m/nevada/index.html[22m [2m(+5ms)[22m 
[2m16:06:13[22m   [34m├─[39m [2m/new-hampshire/index.html[22m [2m(+8ms)[22m 
[2m16:06:13[22m   [34m├─[39m [2m/new-jersey/index.html[22m [2m(+63ms)[22m 
[2m16:06:13[22m   [34m├─[39m [2m/new-mexico/index.html[22m [2m(+21ms)[22m 
[2m16:06:13[22m   [34m├─[39m [2m/new-york/index.html[22m [2m(+11ms)[22m 
[2m16:06:13[22m   [34m├─[39m [2m/north-carolina/index.html[22m [2m(+10ms)[22m 
[2m16:06:13[22m   [34m├─[39m [2m/north-dakota/index.html[22m [2m(+6ms)[22m 
[2m16:06:13[22m   [34m├─[39m [2m/ohio/index.html[22m [2m(+27ms)[22m 
[2m16:06:13[22m   [34m├─[39m [2m/oklahoma/index.html[22m [2m(+6ms)[22m 
[2m16:06:13[22m   [34m├─[39m [2m/oregon/index.html[22m [2m(+6ms)[22m 
[2m16:06:13[22m   [34m├─[39m [2m/pennsylvania/index.html[22m [2m(+15ms)[22m 
[2m16:06:13[22m   [34m├─[39m [2m/rhode-island/index.html[22m [2m(+18ms)[22m 
[2m16:06:13[22m   [34m├─[39m [2m/south-carolina/index.html[22m [2m(+13ms)[22m 
[2m16:06:13[22m   [34m├─[39m [2m/south-dakota/index.html[22m [2m(+7ms)[22m 
[2m16:06:13[22m   [34m├─[39m [2m/tennessee/index.html[22m [2m(+18ms)[22m 
[2m16:06:13[22m   [34m├─[39m [2m/texas/index.html[22m [2m(+21ms)[22m 
[2m16:06:13[22m   [34m├─[39m [2m/utah/index.html[22m [2m(+11ms)[22m 
[2m16:06:13[22m   [34m├─[39m [2m/vermont/index.html[22m [2m(+10ms)[22m 
[2m16:06:13[22m   [34m├─[39m [2m/virginia/index.html[22m [2m(+8ms)[22m 
[2m16:06:13[22m   [34m├─[39m [2m/washington/index.html[22m [2m(+17ms)[22m 
[2m16:06:13[22m   [34m├─[39m [2m/west-virginia/index.html[22m [2m(+6ms)[22m 
[2m16:06:13[22m   [34m├─[39m [2m/wisconsin/index.html[22m [2m(+12ms)[22m 
[2m16:06:13[22m   [34m├─[39m [2m/wyoming/index.html[22m [2m(+46ms)[22m 
[2m16:06:13[22m   [34m└─[39m [2m/district-of-columbia/index.html[22m [2m(+6ms)[22m 
[2m16:06:13[22m [32m▶[39m src/pages/about.astro
[2m16:06:13[22m   [34m└─[39m [2m/about/index.html[22m [2m(+6ms)[22m 
[2m16:06:13[22m [32m▶[39m src/pages/affiliate-disclosure.astro
[2m16:06:13[22m   [34m└─[39m [2m/affiliate-disclosure/index.html[22m [2m(+4ms)[22m 
[2m16:06:13[22m [32m▶[39m src/pages/categories/[id].astro
[2m16:06:13[22m   [34m├─[39m [2m/categories/real-estate/index.html[22m [2m(+16ms)[22m 
[2m16:06:13[22m   [34m├─[39m [2m/categories/accounting/index.html[22m [2m(+11ms)[22m 
[2m16:06:13[22m   [34m├─[39m [2m/categories/trades/index.html[22m [2m(+27ms)[22m 
[2m16:06:13[22m   [34m└─[39m [2m/categories/workplace-safety/index.html[22m [2m(+4ms)[22m 
[2m16:06:13[22m [32m▶[39m src/pages/disclosure.astro
[2m16:06:13[22m   [34m└─[39m [2m/disclosure/index.html[22m [2m(+3ms)[22m 
[2m16:06:13[22m [32m▶[39m src/pages/editorial-policy.astro
[2m16:06:13[22m   [34m└─[39m [2m/editorial-policy/index.html[22m [2m(+9ms)[22m 
[2m16:06:14[22m [32m▶[39m src/pages/exams/[slug].astro
[2m16:06:14[22m   [34m├─[39m [2m/exams/aama-cma/index.html[22m [2m(+5ms)[22m 
[2m16:06:14[22m   [34m├─[39m [2m/exams/danb-cda/index.html[22m [2m(+3ms)[22m 
[2m16:06:14[22m   [34m├─[39m [2m/exams/certified-dietary-manager-cfpp/index.html[22m [2m(+3ms)[22m 
[2m16:06:14[22m   [34m├─[39m [2m/exams/afaa-certified-personal-trainer/index.html[22m [2m(+3ms)[22m 
[2m16:06:14[22m   [34m├─[39m [2m/exams/nasm-certified-nutrition-coach/index.html[22m [2m(+10ms)[22m 
[2m16:06:14[22m   [34m├─[39m [2m/exams/aipb-certified-bookkeeper/index.html[22m [2m(+3ms)[22m 
[2m16:06:14[22m   [34m├─[39m [2m/exams/nacpb-cpb/index.html[22m [2m(+4ms)[22m 
[2m16:06:14[22m   [34m├─[39m [2m/exams/cisco-ccna-cybersecurity/index.html[22m [2m(+4ms)[22m 
[2m16:06:14[22m   [34m├─[39m [2m/exams/cisco-ccnp-cybersecurity/index.html[22m [2m(+85ms)[22m 
[2m16:06:14[22m   [34m├─[39m [2m/exams/cisco-ccst-cybersecurity/index.html[22m [2m(+5ms)[22m 
[2m16:06:14[22m   [34m├─[39m [2m/exams/comptia-linux-plus/index.html[22m [2m(+3ms)[22m 
[2m16:06:14[22m   [34m├─[39m [2m/exams/microsoft-az-900/index.html[22m [2m(+3ms)[22m 
[2m16:06:14[22m   [34m├─[39m [2m/exams/microsoft-az-104/index.html[22m [2m(+3ms)[22m 
[2m16:06:14[22m   [34m├─[39m [2m/exams/microsoft-az-140/index.html[22m [2m(+3ms)[22m 
[2m16:06:14[22m   [34m├─[39m [2m/exams/microsoft-az-204/index.html[22m [2m(+4ms)[22m 
[2m16:06:14[22m   [34m├─[39m [2m/exams/microsoft-az-305/index.html[22m [2m(+8ms)[22m 
[2m16:06:14[22m   [34m├─[39m [2m/exams/microsoft-az-500/index.html[22m [2m(+3ms)[22m 
[2m16:06:14[22m   [34m├─[39m [2m/exams/microsoft-az-700/index.html[22m [2m(+3ms)[22m 
[2m16:06:14[22m   [34m├─[39m [2m/exams/microsoft-ai-900/index.html[22m [2m(+84ms)[22m 
[2m16:06:14[22m   [34m└─[39m [2m/exams/microsoft-ai-901/index.html[22m [2m(+11ms)[22m 
[2m16:06:14[22m [32m▶[39m src/pages/exams.astro
[2m16:06:14[22m   [34m└─[39m [2m/exams/index.html[22m [2m(+12ms)[22m 
[2m16:06:14[22m [32m▶[39m src/pages/explore.astro
[2m16:06:14[22m   [34m└─[39m [2m/explore/index.html[22m [2m(+10ms)[22m 
[2m16:06:14[22m [32m▶[39m src/pages/guides.astro
[2m16:06:14[22m   [34m└─[39m [2m/guides/index.html[22m [2m(+10ms)[22m 
[2m16:06:14[22m [32m▶[39m src/pages/how-it-works.astro
[2m16:06:14[22m   [34m└─[39m [2m/how-it-works/index.html[22m [2m(+3ms)[22m 
[2m16:06:14[22m [32m▶[39m src/pages/index.astro
[2m16:06:14[22m   [34m└─[39m [2m/index.html[22m [2m(+64ms)[22m 
[2m16:06:14[22m [32m▶[39m src/pages/paths/[slug].astro
[2m16:06:14[22m   [34m├─[39m [2m/paths/texas-real-estate-license/index.html[22m [2m(+8ms)[22m 
[2m16:06:14[22m   [34m├─[39m [2m/paths/california-real-estate-license/index.html[22m [2m(+3ms)[22m 
[2m16:06:14[22m   [34m├─[39m [2m/paths/florida-real-estate-license/index.html[22m [2m(+4ms)[22m 
[2m16:06:14[22m   [34m├─[39m [2m/paths/enrolled-agent/index.html[22m [2m(+3ms)[22m 
[2m16:06:14[22m   [34m├─[39m [2m/paths/osha-10-construction/index.html[22m [2m(+3ms)[22m 
[2m16:06:14[22m   [34m├─[39m [2m/paths/osha-30-construction/index.html[22m [2m(+4ms)[22m 
[2m16:06:14[22m   [34m├─[39m [2m/paths/epa-608-certification/index.html[22m [2m(+35ms)[22m 
[2m16:06:14[22m   [34m└─[39m [2m/paths/cpa-exam/index.html[22m [2m(+6ms)[22m 
[2m16:06:14[22m [32m▶[39m src/pages/privacy.astro
[2m16:06:14[22m   [34m└─[39m [2m/privacy/index.html[22m [2m(+27ms)[22m 
[2m16:06:14[22m [32m▶[39m src/pages/reviews.astro
[2m16:06:14[22m   [34m└─[39m [2m/reviews/index.html[22m [2m(+45ms)[22m 
[2m16:06:14[22m [32m✓ Completed in 1.87s.
[39m
[2m16:06:21[22m [34m[@astrojs/sitemap][39m `sitemap-index.xml` created at `dist`
[2m16:06:21[22m [34m[build][39m 98 page(s) built in [1m32.77s[22m
[2m16:06:21[22m [34m[build][39m [1mComplete![22m
