sitemap URLs: 214

===== 按页面类型汇总 =====

## home (1 页)
  平均词数            : 2982
  平均 H2 数          : +22.0
  H2 问句式占比        : 5%
  每H2平均词数         : 129
  H2首2句平均词数      : 109
  H2首2句含数字页占比   : 100%
  数字密度(每百词)     : 3.7
  含表格页占比         : 0% (平均 0.0 张 / 0 行)
  表格数字单元格占比    : 0%
  对比表(eg-compare)页占: 0%
  可见FAQ页占比        : 100% (平均 5.0 问)
  FAQ问句率           : 100%
  JSON-LD FAQPage 页占比: 100%
  JSON-LD/可见不一致页  : 0
  ItemList 页数        : 0
  空洞形容词命中总次数  : 0

## hub (8 页)
  平均词数            : 775
  平均 H2 数          : +6.9
  H2 问句式占比        : 26%
  每H2平均词数         : 96
  H2首2句平均词数      : 31
  H2首2句含数字页占比   : 38%
  数字密度(每百词)     : 3.9
  含表格页占比         : 0% (平均 0.0 张 / 0 行)
  表格数字单元格占比    : 0%
  对比表(eg-compare)页占: 0%
  可见FAQ页占比        : 13% (平均 0.6 问)
  FAQ问句率           : 13%
  JSON-LD FAQPage 页占比: 13%
  JSON-LD/可见不一致页  : 0
  ItemList 页数        : 0
  空洞形容词命中总次数  : 0

## category (19 页)
  平均词数            : 1184
  平均 H2 数          : +7.6
  H2 问句式占比        : 24%
  每H2平均词数         : 145
  H2首2句平均词数      : 48
  H2首2句含数字页占比   : 100%
  数字密度(每百词)     : 8.9
  含表格页占比         : 95% (平均 0.9 张 / 7 行)
  表格数字单元格占比    : 26%
  对比表(eg-compare)页占: 0%
  可见FAQ页占比        : 100% (平均 4.8 问)
  FAQ问句率           : 100%
  JSON-LD FAQPage 页占比: 100%
  JSON-LD/可见不一致页  : 0
  ItemList 页数        : 15
  空洞形容词命中总次数  : 0

## exam (175 页)
  平均词数            : 5439
  平均 H2 数          : +21.9
  H2 问句式占比        : 94%
  每H2平均词数         : 232
  H2首2句平均词数      : 54
  H2首2句含数字页占比   : 100%
  数字密度(每百词)     : 4.9
  含表格页占比         : 100% (平均 4.7 张 / 38 行)
  表格数字单元格占比    : 25%
  对比表(eg-compare)页占: 43%
  可见FAQ页占比        : 100% (平均 7.6 问)
  FAQ问句率           : 100%
  JSON-LD FAQPage 页占比: 100%
  JSON-LD/可见不一致页  : 0
  ItemList 页数        : 0
  空洞形容词命中总次数  : 20

## guide (3 页)
  平均词数            : 1075
  平均 H2 数          : +7.0
  H2 问句式占比        : 10%
  每H2平均词数         : 136
  H2首2句平均词数      : 28
  H2首2句含数字页占比   : 67%
  数字密度(每百词)     : 3.0
  含表格页占比         : 0% (平均 0.0 张 / 0 行)
  表格数字单元格占比    : 0%
  对比表(eg-compare)页占: 0%
  可见FAQ页占比        : 100% (平均 4.0 问)
  FAQ问句率           : 100%
  JSON-LD FAQPage 页占比: 100%
  JSON-LD/可见不一致页  : 0
  ItemList 页数        : 0
  空洞形容词命中总次数  : 0

## path (8 页)
  平均词数            : 4183
  平均 H2 数          : +20.8
  H2 问句式占比        : 92%
  每H2平均词数         : 186
  H2首2句平均词数      : 40
  H2首2句含数字页占比   : 100%
  数字密度(每百词)     : 8.7
  含表格页占比         : 100% (平均 6.8 张 / 38 行)
  表格数字单元格占比    : 34%
  对比表(eg-compare)页占: 0%
  可见FAQ页占比        : 100% (平均 10.6 问)
  FAQ问句率           : 100%
  JSON-LD FAQPage 页占比: 100%
  JSON-LD/可见不一致页  : 0
  ItemList 页数        : 8
  空洞形容词命中总次数  : 0

===== 违规清单 =====
无可见FAQ的 exam/path/guide : 0
无表格的 exam              : 0
JSON-LD与可见文字不一致     : 0
数字密度<2/百词的 exam     : 0
有可见FAQ但无FAQPage标记   : 0
